=== Test Report ===
Date: 2026-03-18T19:44:28.467124500

✓ PASS: Money Validation
✓ PASS: Transaction Parsing

Total: 2
Passed: 2
Failed: 0
